[32m.[0m

Finished in 0.01479 seconds (files took 0.74063 seconds to load)
[32m1 example, 0 failures[0m

